2026-08-10 22:39:26.457 +05:30 [INF] Ensuring database is created and migrating to latest schema version...
2026-08-10 22:39:27.287 +05:30 [INF] Seeding database with initial default data...
2026-08-10 22:39:27.415 +05:30 [INF] Database initialization completed successfully.
2026-08-10 22:39:27.523 +05:30 [INF] Now listening on: http://localhost:5000
2026-08-10 22:39:27.532 +05:30 [INF] Application started. Press Ctrl+C to shut down.
2026-08-10 22:39:27.539 +05:30 [INF] Hosting environment: Production
2026-08-10 22:39:27.544 +05:30 [INF] Content root path: C:\Users\mouni\OneDrive\Desktop\AWS Project\TicketDesk
2026-08-10 22:40:33.099 +05:30 [INF] HTTP GET /swagger responded 301 in 90.6623 ms
2026-08-10 22:40:33.642 +05:30 [INF] HTTP GET /swagger/index.html responded 200 in 277.8655 ms
2026-08-10 22:40:33.673 +05:30 [INF] HTTP GET /swagger/index.js responded 200 in 2.9526 ms
2026-08-10 22:40:33.682 +05:30 [INF] HTTP GET /swagger/index.css responded 200 in 22.6976 ms
2026-08-10 22:40:33.725 +05:30 [INF] HTTP GET /swagger/swagger-ui.css responded 200 in 67.5228 ms
2026-08-10 22:40:33.725 +05:30 [INF] HTTP GET /swagger/swagger-ui-standalone-preset.js responded 200 in 63.1506 ms
2026-08-10 22:40:33.741 +05:30 [INF] HTTP GET /swagger/swagger-ui-bundle.js responded 200 in 73.4650 ms
2026-08-10 22:40:33.868 +05:30 [INF] HTTP GET /swagger/favicon-32x32.png responded 200 in 0.6471 ms
2026-08-10 22:40:34.663 +05:30 [INF] HTTP GET /swagger/v1/swagger.json responded 200 in 808.2383 ms
2026-08-10 22:42:35.459 +05:30 [WRN] Invalid authentication attempt for email admin@ticketdesk.com
2026-08-10 22:42:35.505 +05:30 [ERR] HTTP POST /api/Auth/login responded 500 in 2649.5731 ms
System.UnauthorizedAccessException: Invalid credentials.
   at TicketDesk.Services.AuthService.LoginAsync(LoginDto dto) in C:\Users\mouni\OneDrive\Desktop\AWS Project\TicketDesk\Services\AuthService.cs:line 68
   at TicketDesk.Controllers.AuthController.Login(LoginDto dto) in C:\Users\mouni\OneDrive\Desktop\AWS Project\TicketDesk\Controllers\AuthController.cs:line 36
   at Microsoft.AspNetCore.Mvc.Infrastructure.ActionMethodExecutor.TaskOfIActionResultExecutor.Execute(ActionContext actionContext, IActionResultTypeMapper mapper, ObjectMethodExecutor executor, Object controller, Object[] arguments)
   at Microsoft.AspNetCore.Mvc.Infrastructure.ControllerActionInvoker.<InvokeActionMethodAsync>g__Awaited|12_0(ControllerActionInvoker invoker, ValueTask`1 actionResultValueTask)
   at Microsoft.AspNetCore.Mvc.Infrastructure.ControllerActionInvoker.<InvokeNextActionFilterAsync>g__Awaited|10_0(ControllerActionInvoker invoker, Task lastTask, State next, Scope scope, Object state, Boolean isCompleted)
   at Microsoft.AspNetCore.Mvc.Infrastructure.ControllerActionInvoker.Rethrow(ActionExecutedContextSealed context)
   at Microsoft.AspNetCore.Mvc.Infrastructure.ControllerActionInvoker.Next(State& next, Scope& scope, Object& state, Boolean& isCompleted)
   at Microsoft.AspNetCore.Mvc.Infrastructure.ControllerActionInvoker.<InvokeInnerFilterAsync>g__Awaited|13_0(ControllerActionInvoker invoker, Task lastTask, State next, Scope scope, Object state, Boolean isCompleted)
   at Microsoft.AspNetCore.Mvc.Infrastructure.ResourceInvoker.<InvokeFilterPipelineAsync>g__Awaited|20_0(ResourceInvoker invoker, Task lastTask, State next, Scope scope, Object state, Boolean isCompleted)
   at Microsoft.AspNetCore.Mvc.Infrastructure.ResourceInvoker.<InvokeAsync>g__Awaited|17_0(ResourceInvoker invoker, Task task, IDisposable scope)
   at Microsoft.AspNetCore.Mvc.Infrastructure.ResourceInvoker.<InvokeAsync>g__Awaited|17_0(ResourceInvoker invoker, Task task, IDisposable scope)
   at Microsoft.AspNetCore.Authorization.AuthorizationMiddleware.Invoke(HttpContext context)
   at Microsoft.AspNetCore.Authentication.AuthenticationMiddleware.Invoke(HttpContext context)
   at Swashbuckle.AspNetCore.SwaggerUI.SwaggerUIMiddleware.Invoke(HttpContext httpContext)
   at Swashbuckle.AspNetCore.Swagger.SwaggerMiddleware.Invoke(HttpContext httpContext, ISwaggerProvider swaggerProvider)
   at Serilog.AspNetCore.RequestLoggingMiddleware.Invoke(HttpContext httpContext)
2026-08-10 22:42:35.686 +05:30 [ERR] Unhandled exception occurred while processing request POST /api/Auth/login
System.UnauthorizedAccessException: Invalid credentials.
   at TicketDesk.Services.AuthService.LoginAsync(LoginDto dto) in C:\Users\mouni\OneDrive\Desktop\AWS Project\TicketDesk\Services\AuthService.cs:line 68
   at TicketDesk.Controllers.AuthController.Login(LoginDto dto) in C:\Users\mouni\OneDrive\Desktop\AWS Project\TicketDesk\Controllers\AuthController.cs:line 36
   at Microsoft.AspNetCore.Mvc.Infrastructure.ActionMethodExecutor.TaskOfIActionResultExecutor.Execute(ActionContext actionContext, IActionResultTypeMapper mapper, ObjectMethodExecutor executor, Object controller, Object[] arguments)
   at Microsoft.AspNetCore.Mvc.Infrastructure.ControllerActionInvoker.<InvokeActionMethodAsync>g__Awaited|12_0(ControllerActionInvoker invoker, ValueTask`1 actionResultValueTask)
   at Microsoft.AspNetCore.Mvc.Infrastructure.ControllerActionInvoker.<InvokeNextActionFilterAsync>g__Awaited|10_0(ControllerActionInvoker invoker, Task lastTask, State next, Scope scope, Object state, Boolean isCompleted)
   at Microsoft.AspNetCore.Mvc.Infrastructure.ControllerActionInvoker.Rethrow(ActionExecutedContextSealed context)
   at Microsoft.AspNetCore.Mvc.Infrastructure.ControllerActionInvoker.Next(State& next, Scope& scope, Object& state, Boolean& isCompleted)
   at Microsoft.AspNetCore.Mvc.Infrastructure.ControllerActionInvoker.<InvokeInnerFilterAsync>g__Awaited|13_0(ControllerActionInvoker invoker, Task lastTask, State next, Scope scope, Object state, Boolean isCompleted)
   at Microsoft.AspNetCore.Mvc.Infrastructure.ResourceInvoker.<InvokeFilterPipelineAsync>g__Awaited|20_0(ResourceInvoker invoker, Task lastTask, State next, Scope scope, Object state, Boolean isCompleted)
   at Microsoft.AspNetCore.Mvc.Infrastructure.ResourceInvoker.<InvokeAsync>g__Awaited|17_0(ResourceInvoker invoker, Task task, IDisposable scope)
   at Microsoft.AspNetCore.Mvc.Infrastructure.ResourceInvoker.<InvokeAsync>g__Awaited|17_0(ResourceInvoker invoker, Task task, IDisposable scope)
   at Microsoft.AspNetCore.Authorization.AuthorizationMiddleware.Invoke(HttpContext context)
   at Microsoft.AspNetCore.Authentication.AuthenticationMiddleware.Invoke(HttpContext context)
   at Swashbuckle.AspNetCore.SwaggerUI.SwaggerUIMiddleware.Invoke(HttpContext httpContext)
   at Swashbuckle.AspNetCore.Swagger.SwaggerMiddleware.Invoke(HttpContext httpContext, ISwaggerProvider swaggerProvider)
   at Serilog.AspNetCore.RequestLoggingMiddleware.Invoke(HttpContext httpContext)
   at TicketDesk.Middleware.GlobalExceptionMiddleware.InvokeAsync(HttpContext context) in C:\Users\mouni\OneDrive\Desktop\AWS Project\TicketDesk\Middleware\GlobalExceptionMiddleware.cs:line 24
2026-08-10 22:43:30.743 +05:30 [INF] User 1 logged in successfully.
2026-08-10 22:43:31.095 +05:30 [INF] HTTP POST /api/Auth/login responded 200 in 857.9328 ms
2026-08-10 22:44:41.013 +05:30 [INF] HTTP GET /api/Ticket responded 200 in 520.0948 ms
2026-08-10 22:48:19.540 +05:30 [INF] Application is shutting down...
2026-08-10 22:58:19.063 +05:30 [INF] Ensuring database is created and migrating to latest schema version...
2026-08-10 22:58:20.298 +05:30 [INF] Seeding database with initial default data...
2026-08-10 22:58:20.649 +05:30 [INF] Database initialization completed successfully.
2026-08-10 22:58:21.201 +05:30 [INF] Now listening on: http://localhost:5000
2026-08-10 22:58:21.258 +05:30 [INF] Application started. Press Ctrl+C to shut down.
2026-08-10 22:58:21.284 +05:30 [INF] Hosting environment: Production
2026-08-10 22:58:21.306 +05:30 [INF] Content root path: C:\Users\mouni\OneDrive\Desktop\AWS Project\Ticketdesk
2026-08-10 22:59:39.523 +05:30 [INF] HTTP OPTIONS /api/Auth/login responded 204 in 320.3441 ms
2026-08-10 22:59:42.817 +05:30 [INF] User 1 logged in successfully.
2026-08-10 22:59:43.727 +05:30 [INF] HTTP POST /api/Auth/login responded 200 in 3910.9248 ms
2026-08-10 22:59:43.890 +05:30 [INF] HTTP OPTIONS /api/Dashboard/summary responded 204 in 6.1641 ms
2026-08-10 22:59:43.890 +05:30 [INF] HTTP OPTIONS /api/Ticket responded 204 in 2.3284 ms
2026-08-10 22:59:45.018 +05:30 [INF] Dashboard metrics summary generated.
2026-08-10 22:59:45.165 +05:30 [INF] HTTP GET /api/Dashboard/summary responded 200 in 1030.2275 ms
2026-08-10 22:59:45.529 +05:30 [INF] HTTP GET /api/Ticket responded 200 in 1307.3756 ms
2026-08-10 23:00:00.802 +05:30 [INF] HTTP OPTIONS /api/Ticket responded 204 in 1.9932 ms
2026-08-10 23:00:00.899 +05:30 [INF] HTTP GET /api/Ticket responded 200 in 68.1315 ms
2026-08-10 23:00:20.983 +05:30 [INF] HTTP OPTIONS /api/Ticket responded 204 in 1.2507 ms
2026-08-10 23:00:21.797 +05:30 [INF] Ticket 5 created by User 1
2026-08-10 23:00:22.159 +05:30 [INF] HTTP POST /api/Ticket responded 201 in 763.6260 ms
2026-08-10 23:00:22.213 +05:30 [INF] HTTP OPTIONS /api/Ticket/5 responded 204 in 0.2618 ms
2026-08-10 23:00:22.354 +05:30 [INF] HTTP GET /api/Ticket/5 responded 200 in 97.4963 ms
2026-08-10 23:00:22.391 +05:30 [INF] HTTP OPTIONS /api/tickets/5/comments responded 204 in 0.2274 ms
2026-08-10 23:00:22.492 +05:30 [INF] HTTP GET /api/tickets/5/comments responded 200 in 80.0913 ms
2026-08-10 23:01:08.657 +05:30 [INF] HTTP OPTIONS /api/Auth/login responded 204 in 0.1459 ms
2026-08-10 23:01:09.615 +05:30 [INF] User 2 logged in successfully.
2026-08-10 23:01:09.972 +05:30 [INF] HTTP POST /api/Auth/login responded 200 in 1272.7418 ms
2026-08-10 23:01:10.371 +05:30 [INF] HTTP OPTIONS /api/Dashboard/summary responded 204 in 0.3984 ms
2026-08-10 23:01:10.371 +05:30 [INF] HTTP OPTIONS /api/Ticket responded 204 in 0.0995 ms
2026-08-10 23:01:10.963 +05:30 [INF] HTTP GET /api/Dashboard/summary responded 403 in 3.6049 ms
2026-08-10 23:01:11.089 +05:30 [INF] HTTP GET /api/Ticket responded 200 in 142.4447 ms
2026-08-10 23:01:15.974 +05:30 [INF] HTTP OPTIONS /api/Auth/login responded 204 in 0.0967 ms
2026-08-10 23:01:16.808 +05:30 [INF] User 2 logged in successfully.
2026-08-10 23:01:17.073 +05:30 [INF] HTTP POST /api/Auth/login responded 200 in 1071.8476 ms
2026-08-10 23:01:17.602 +05:30 [INF] HTTP OPTIONS /api/Dashboard/summary responded 204 in 0.2292 ms
2026-08-10 23:01:17.606 +05:30 [INF] HTTP OPTIONS /api/Ticket responded 204 in 0.2206 ms
2026-08-10 23:01:17.937 +05:30 [INF] HTTP GET /api/Dashboard/summary responded 403 in 0.9467 ms
2026-08-10 23:01:17.941 +05:30 [INF] HTTP GET /api/Ticket responded 200 in 33.9175 ms
2026-08-10 23:02:49.731 +05:30 [INF] Application is shutting down...
