2026-08-10 22:39:26.457 +05:30 [INF] Ensuring database is created and migrating to latest schema version...
2026-08-10 22:39:27.287 +05:30 [INF] Seeding database with initial default data...
2026-08-10 22:39:27.415 +05:30 [INF] Database initialization completed successfully.
2026-08-10 22:39:27.523 +05:30 [INF] Now listening on: http://localhost:5000
2026-08-10 22:39:27.532 +05:30 [INF] Application started. Press Ctrl+C to shut down.
2026-08-10 22:39:27.539 +05:30 [INF] Hosting environment: Production
2026-08-10 22:39:27.544 +05:30 [INF] Content root path: C:\Users\mouni\OneDrive\Desktop\AWS Project\TicketDesk
2026-08-10 22:40:33.099 +05:30 [INF] HTTP GET /swagger responded 301 in 90.6623 ms
2026-08-10 22:40:33.642 +05:30 [INF] HTTP GET /swagger/index.html responded 200 in 277.8655 ms
2026-08-10 22:40:33.673 +05:30 [INF] HTTP GET /swagger/index.js responded 200 in 2.9526 ms
2026-08-10 22:40:33.682 +05:30 [INF] HTTP GET /swagger/index.css responded 200 in 22.6976 ms
2026-08-10 22:40:33.725 +05:30 [INF] HTTP GET /swagger/swagger-ui.css responded 200 in 67.5228 ms
2026-08-10 22:40:33.725 +05:30 [INF] HTTP GET /swagger/swagger-ui-standalone-preset.js responded 200 in 63.1506 ms
2026-08-10 22:40:33.741 +05:30 [INF] HTTP GET /swagger/swagger-ui-bundle.js responded 200 in 73.4650 ms
2026-08-10 22:40:33.868 +05:30 [INF] HTTP GET /swagger/favicon-32x32.png responded 200 in 0.6471 ms
2026-08-10 22:40:34.663 +05:30 [INF] HTTP GET /swagger/v1/swagger.json responded 200 in 808.2383 ms
2026-08-10 22:42:35.459 +05:30 [WRN] Invalid authentication attempt for email admin@ticketdesk.com
2026-08-10 22:42:35.505 +05:30 [ERR] HTTP POST /api/Auth/login responded 500 in 2649.5731 ms
System.UnauthorizedAccessException: Invalid credentials.
   at TicketDesk.Services.AuthService.LoginAsync(LoginDto dto) in C:\Users\mouni\OneDrive\Desktop\AWS Project\TicketDesk\Services\AuthService.cs:line 68
   at TicketDesk.Controllers.AuthController.Login(LoginDto dto) in C:\Users\mouni\OneDrive\Desktop\AWS Project\TicketDesk\Controllers\AuthController.cs:line 36
   at Microsoft.AspNetCore.Mvc.Infrastructure.ActionMethodExecutor.TaskOfIActionResultExecutor.Execute(ActionContext actionContext, IActionResultTypeMapper mapper, ObjectMethodExecutor executor, Object controller, Object[] arguments)
   at Microsoft.AspNetCore.Mvc.Infrastructure.ControllerActionInvoker.<InvokeActionMethodAsync>g__Awaited|12_0(ControllerActionInvoker invoker, ValueTask`1 actionResultValueTask)
   at Microsoft.AspNetCore.Mvc.Infrastructure.ControllerActionInvoker.<InvokeNextActionFilterAsync>g__Awaited|10_0(ControllerActionInvoker invoker, Task lastTask, State next, Scope scope, Object state, Boolean isCompleted)
   at Microsoft.AspNetCore.Mvc.Infrastructure.ControllerActionInvoker.Rethrow(ActionExecutedContextSealed context)
   at Microsoft.AspNetCore.Mvc.Infrastructure.ControllerActionInvoker.Next(State& next, Scope& scope, Object& state, Boolean& isCompleted)
   at Microsoft.AspNetCore.Mvc.Infrastructure.ControllerActionInvoker.<InvokeInnerFilterAsync>g__Awaited|13_0(ControllerActionInvoker invoker, Task lastTask, State next, Scope scope, Object state, Boolean isCompleted)
   at Microsoft.AspNetCore.Mvc.Infrastructure.ResourceInvoker.<InvokeFilterPipelineAsync>g__Awaited|20_0(ResourceInvoker invoker, Task lastTask, State next, Scope scope, Object state, Boolean isCompleted)
   at Microsoft.AspNetCore.Mvc.Infrastructure.ResourceInvoker.<InvokeAsync>g__Awaited|17_0(ResourceInvoker invoker, Task task, IDisposable scope)
   at Microsoft.AspNetCore.Mvc.Infrastructure.ResourceInvoker.<InvokeAsync>g__Awaited|17_0(ResourceInvoker invoker, Task task, IDisposable scope)
   at Microsoft.AspNetCore.Authorization.AuthorizationMiddleware.Invoke(HttpContext context)
   at Microsoft.AspNetCore.Authentication.AuthenticationMiddleware.Invoke(HttpContext context)
   at Swashbuckle.AspNetCore.SwaggerUI.SwaggerUIMiddleware.Invoke(HttpContext httpContext)
   at Swashbuckle.AspNetCore.Swagger.SwaggerMiddleware.Invoke(HttpContext httpContext, ISwaggerProvider swaggerProvider)
   at Serilog.AspNetCore.RequestLoggingMiddleware.Invoke(HttpContext httpContext)
2026-08-10 22:42:35.686 +05:30 [ERR] Unhandled exception occurred while processing request POST /api/Auth/login
System.UnauthorizedAccessException: Invalid credentials.
   at TicketDesk.Services.AuthService.LoginAsync(LoginDto dto) in C:\Users\mouni\OneDrive\Desktop\AWS Project\TicketDesk\Services\AuthService.cs:line 68
   at TicketDesk.Controllers.AuthController.Login(LoginDto dto) in C:\Users\mouni\OneDrive\Desktop\AWS Project\TicketDesk\Controllers\AuthController.cs:line 36
   at Microsoft.AspNetCore.Mvc.Infrastructure.ActionMethodExecutor.TaskOfIActionResultExecutor.Execute(ActionContext actionContext, IActionResultTypeMapper mapper, ObjectMethodExecutor executor, Object controller, Object[] arguments)
   at Microsoft.AspNetCore.Mvc.Infrastructure.ControllerActionInvoker.<InvokeActionMethodAsync>g__Awaited|12_0(ControllerActionInvoker invoker, ValueTask`1 actionResultValueTask)
   at Microsoft.AspNetCore.Mvc.Infrastructure.ControllerActionInvoker.<InvokeNextActionFilterAsync>g__Awaited|10_0(ControllerActionInvoker invoker, Task lastTask, State next, Scope scope, Object state, Boolean isCompleted)
   at Microsoft.AspNetCore.Mvc.Infrastructure.ControllerActionInvoker.Rethrow(ActionExecutedContextSealed context)
   at Microsoft.AspNetCore.Mvc.Infrastructure.ControllerActionInvoker.Next(State& next, Scope& scope, Object& state, Boolean& isCompleted)
   at Microsoft.AspNetCore.Mvc.Infrastructure.ControllerActionInvoker.<InvokeInnerFilterAsync>g__Awaited|13_0(ControllerActionInvoker invoker, Task lastTask, State next, Scope scope, Object state, Boolean isCompleted)
   at Microsoft.AspNetCore.Mvc.Infrastructure.ResourceInvoker.<InvokeFilterPipelineAsync>g__Awaited|20_0(ResourceInvoker invoker, Task lastTask, State next, Scope scope, Object state, Boolean isCompleted)
   at Microsoft.AspNetCore.Mvc.Infrastructure.ResourceInvoker.<InvokeAsync>g__Awaited|17_0(ResourceInvoker invoker, Task task, IDisposable scope)
   at Microsoft.AspNetCore.Mvc.Infrastructure.ResourceInvoker.<InvokeAsync>g__Awaited|17_0(ResourceInvoker invoker, Task task, IDisposable scope)
   at Microsoft.AspNetCore.Authorization.AuthorizationMiddleware.Invoke(HttpContext context)
   at Microsoft.AspNetCore.Authentication.AuthenticationMiddleware.Invoke(HttpContext context)
   at Swashbuckle.AspNetCore.SwaggerUI.SwaggerUIMiddleware.Invoke(HttpContext httpContext)
   at Swashbuckle.AspNetCore.Swagger.SwaggerMiddleware.Invoke(HttpContext httpContext, ISwaggerProvider swaggerProvider)
   at Serilog.AspNetCore.RequestLoggingMiddleware.Invoke(HttpContext httpContext)
   at TicketDesk.Middleware.GlobalExceptionMiddleware.InvokeAsync(HttpContext context) in C:\Users\mouni\OneDrive\Desktop\AWS Project\TicketDesk\Middleware\GlobalExceptionMiddleware.cs:line 24
2026-08-10 22:43:30.743 +05:30 [INF] User 1 logged in successfully.
2026-08-10 22:43:31.095 +05:30 [INF] HTTP POST /api/Auth/login responded 200 in 857.9328 ms
2026-08-10 22:44:41.013 +05:30 [INF] HTTP GET /api/Ticket responded 200 in 520.0948 ms
2026-08-10 22:48:19.540 +05:30 [INF] Application is shutting down...
